BigInteger Test report
|   action   ||      time      ||     error     |
|------------||----------------||---------------|
| Creation   ||          021 us||       -       |
|  •  ==     ||          003 us||       -       |
|  •  !=     ||          002 us||       -       |
|  •  <=     ||          001 us||       -       |
|  •  >=     ||          001 us||       -       |
|  •  <      ||          001 us||       -       |
|  •  >      ||          001 us||       -       |
| Compare    ||          019 us||       -       |
|  •  Add    ||          034 us||       -       |
|  •  Sub    ||          028 us||       -       |
|  •  Mul    ||  010 ms, 939 us||       -       |
|  •  Div    ||  050 ms, 370 us||       -       |
|  •  Mod    ||  010 ms, 288 us||       -       |
|  •  ^      ||          008 us||       -       |
|  •  √      ||  003 ms, 948 us||       -       |
| Math       ||  077 ms, 669 us||       -       |
|  •  <<     ||          009 us||       -       |
|  •  >>     ||          008 us||       -       |
|  •  & (AND)||          004 us||       -       |
|  •  | (OR) ||          006 us||       -       |
| Binary O   ||          033 us||       -       |
Hash Test
SHA256: 
RandomX: Not yet.
Start Extraction Test
| LB ||   digits   || rate(digits/sec) ||      time     ||  memory(byte)  |
|----||------------||------------------||---------------||----------------|
|  π || 0000003477 || 0000000347.50814 ||  10 s, 005 ms || 00000000000192 |
|  e || 0000035843 || 0000003584.20215 ||  10 s, 273 us || 00000000000128 |
| √2 || 0000004332 || 0000000433.04796 ||  10 s, 003 ms || 00000000000160 |
Ended Test
